{
'mootools-core:Source/Utilities/JSON.js':[
53,
],
}
