{
'jquery:build/tasks/dist.js':[
36,
],
'jquery:src/selector/escapeSelector.js':[
5,
],
}
