{
'desktop:app/src/lib/sanitize-branch.ts':[
5,
],
'desktop:app/src/ui/diff/index.tsx':[
526,
],
}
