{
'javascript-test-sources:src/ecmascript6/sonar-web/src/main/js/helpers/latinize.js':[
362,
],
}
