{
'prototype:src/prototype/lang/string.js':[
673,
],
}
